// Jest Snapshot v1, https://goo.gl/fbAQLP

exports[`Profile should match profile snapshot 1`] = `
Object {
  "asFragment": [Function],
  "baseElement": <body>
    <div>
      <section
        class="profile-tables container border-top rounded-0 border-2 d-flex justify-content-between gap-5"
      >
        <div
          class="mission-list col-6"
        >
          <h2>
            My Missons
          </h2>
          <p>
            No Active Missions
          </p>
          <table
            class="table table-bordered"
          >
            <tbody />
          </table>
        </div>
        <div
          class="rocket-list col-6"
        >
          <h2>
            My Rockets
          </h2>
          <p>
            No Rockets Reserved
          </p>
          <table
            class="table table-bordered"
          >
            <tbody />
          </table>
        </div>
      </section>
    </div>
  </body>,
  "container": <div>
    <section
      class="profile-tables container border-top rounded-0 border-2 d-flex justify-content-between gap-5"
    >
      <div
        class="mission-list col-6"
      >
        <h2>
          My Missons
        </h2>
        <p>
          No Active Missions
        </p>
        <table
          class="table table-bordered"
        >
          <tbody />
        </table>
      </div>
      <div
        class="rocket-list col-6"
      >
        <h2>
          My Rockets
        </h2>
        <p>
          No Rockets Reserved
        </p>
        <table
          class="table table-bordered"
        >
          <tbody />
        </table>
      </div>
    </section>
  </div>,
  "debug": [Function],
  "findAllByAltText": [Function],
  "findAllByDisplayValue": [Function],
  "findAllByLabelText": [Function],
  "findAllByPlaceholderText": [Function],
  "findAllByRole": [Function],
  "findAllByTestId": [Function],
  "findAllByText": [Function],
  "findAllByTitle": [Function],
  "findByAltText": [Function],
  "findByDisplayValue": [Function],
  "findByLabelText": [Function],
  "findByPlaceholderText": [Function],
  "findByRole": [Function],
  "findByTestId": [Function],
  "findByText": [Function],
  "findByTitle": [Function],
  "getAllByAltText": [Function],
  "getAllByDisplayValue": [Function],
  "getAllByLabelText": [Function],
  "getAllByPlaceholderText": [Function],
  "getAllByRole": [Function],
  "getAllByTestId": [Function],
  "getAllByText": [Function],
  "getAllByTitle": [Function],
  "getByAltText": [Function],
  "getByDisplayValue": [Function],
  "getByLabelText": [Function],
  "getByPlaceholderText": [Function],
  "getByRole": [Function],
  "getByTestId": [Function],
  "getByText": [Function],
  "getByTitle": [Function],
  "queryAllByAltText": [Function],
  "queryAllByDisplayValue": [Function],
  "queryAllByLabelText": [Function],
  "queryAllByPlaceholderText": [Function],
  "queryAllByRole": [Function],
  "queryAllByTestId": [Function],
  "queryAllByText": [Function],
  "queryAllByTitle": [Function],
  "queryByAltText": [Function],
  "queryByDisplayValue": [Function],
  "queryByLabelText": [Function],
  "queryByPlaceholderText": [Function],
  "queryByRole": [Function],
  "queryByTestId": [Function],
  "queryByText": [Function],
  "queryByTitle": [Function],
  "rerender": [Function],
  "unmount": [Function],
}
`;
